// Jest Snapshot v1, https://goo.gl/fbAQLP

exports[`Main render 1`] = `
<div>
  <div
    class="main-page"
  >
    <header
      class="main-header"
    >
      <h1
        class="main-title"
      >
        Product app
      </h1>
    </header>
    <section
      class="main-content"
    >
      <h2
        class="products-title"
      >
        Phone Catalogue
      </h2>
      <div
        class="products-wrapper"
      >
        <div
          class="product-card"
        >
          <p
            class="card-info"
          >
            769â‚¬
          </p>
          <div
            class="card-image"
            style="background-image: url(http://localhost:5000/public/IPhone_7.png);"
          />
          <div>
            <h3
              class="card-title"
            >
              iPhone 7
            </h3>
            <p
              class="card-content"
            >
              Apple
            </p>
          </div>
        </div>
      </div>
    </section>
    <footer
      class="main-footer"
    >
      by Annia da Costa Martins
    </footer>
  </div>
</div>
`;
