// Jest Snapshot v1, https://goo.gl/fbAQLP

exports[`PhoneDetail render 1`] = `
<div>
  <div
    class="loader page"
  />
</div>
`;
